exports[`Moves renders correctly before start 1`] = `
<div
  className="jbeTpO">
  Moves counter: 
  0
</div>
`;
